Application bundle generation failed. [3.017 seconds] - 2026-03-17T11:04:14.182Z

node.exe : 
[1m[33m[33mΓû▓ [43;
33m[[43;30mWARNING[43
;33m][0m [1mNG8113: 
RouterLink is not used 
within the template of 
TrackingPublic[0m 
[1m[35m[plugin 
angular-compiler][0m
At C:\Users\AZZ\AppData
\Roaming\npm\ng.ps1:24 
char:5
+     & "node$exe"  "$b
asedir/node_modules/@an
gular/cli/bin/ng.js" 
$arg ...
+     ~~~~~~~~~~~~~~~~~
~~~~~~~~~~~~~~~~~~~~~~~
~~~~~~~~~~~~~~~~~~~~~~~
~~
    + CategoryInfo     
         : NotSpecifi  
  ed: ([1m[33m[33   
 mΓ...r-compiler][    
0m:String) [], Rem    
oteException
    + FullyQualifiedEr 
   rorId : NativeComm  
  andError
 

    src/app/components/
tracking-public/trackin
g-public.ts:11:39:
[37m      11 Γöé   
imports: 
[CommonModule, 
FormsModule, 
[32mRouterLink[37m],
         Γò╡           
                       
      
[32m~~~~~~~~~~[0m

[39m[22m
[1m[31m[31mX [41;31
m[[41;97mERROR[41;31m
][0m [1mTS2304: 
Cannot find name 
'Layout'.[0m 
[1m[35m[plugin 
angular-compiler][0m

    src/app/app.routes.
ts:26:15:
[37m      26 Γöé     
component: 
[32mLayout[37m,
         Γò╡           
     [32m~~~~~~[0m


[31mX [41;31m[[41;97
mERROR[41;31m][0m 
[1mNG5002: Unexpected 
closing tag "form". It 
may happen when the 
tag has already been 
closed by another tag. 
For more info see https
://www.w3.org/TR/html5/
syntax.html#closing-ele
ments-that-have-implied
-end-tags[0m 
[1m[35m[plugin 
angular-compiler][0m

    src/app/components/
booking/booking.html:27
2:2:
[37m      272 Γöé   
[32m</form>[37m
          Γò╡   
[32m~~~~~~~[0m

  Error occurs in the 
template of component 
Booking.

    src/app/components/
booking/booking.ts:10:1
5:
[37m      10 Γöé   
templateUrl: [32m'./bo
oking.html'[37m,
         Γò╡           
     [32m~~~~~~~~~~~~~
~~~[0m


[31mX [41;31m[[41;97
mERROR[41;31m][0m 
[1mTS2339: Property 
'shipment' does not 
exist on type 
'Booking'.[0m 
[1m[35m[plugin 
angular-compiler][0m

    src/app/components/
reports/reports.html:10
0:49:
[37m      100 Γöé 
...class="fw-bold">{{ b
ooking.[32mshipment[3
7m?.chargeable_weight 
}}</spa...
          Γò╡          
                     
[32m~~~~~~~~[0m

  Error occurs in the 
template of component 
Reports.

    src/app/components/
reports/reports.ts:12:1
5:
[37m      12 Γöé   
templateUrl: [32m'./re
ports.html'[37m,
         Γò╡           
     [32m~~~~~~~~~~~~~
~~~[0m


[31mX [41;31m[[41;97
mERROR[41;31m][0m 
[1mTS2339: Property 
'billing' does not 
exist on type 
'Booking'.[0m 
[1m[35m[plugin 
angular-compiler][0m

    src/app/components/
reports/reports.html:10
1:54:
[37m      101 Γöé 
...bold 
text-dark">Γé╣{{ bookin
[32mg.billi[37mng?.ne
t_total | 
number:'1.2...
          Γò╡          
                    
[32m~~~~~~~[0m

  Error occurs in the 
template of component 
Reports.

    src/app/components/
reports/reports.ts:12:1
5:
[37m      12 Γöé   
templateUrl: [32m'./re
ports.html'[37m,
         Γò╡           
     [32m~~~~~~~~~~~~~
~~~[0m


[31mX [41;31m[[41;97
mERROR[41;31m][0m 
[1mTS2339: Property 
'shipment' does not 
exist on type 
'Booking'.[0m 
[1m[35m[plugin 
angular-compiler][0m

    src/app/components/
tracking/tracking.html:
91:66:
[37m      91 Γöé 
...xt-dark">{{ tracking
Data()?.[32mshipment[
37m?.total_pcs || 0 }} 
Package...
         Γò╡           
                     
[32m~~~~~~~~[0m

  Error occurs in the 
template of component 
Tracking.

    src/app/components/
tracking/tracking.ts:11
:15:
[37m      11 Γöé   
templateUrl: [32m'./tr
acking.html'[37m,
         Γò╡           
     [32m~~~~~~~~~~~~~
~~~~[0m


[31mX [41;31m[[41;97
mERROR[41;31m][0m 
[1mTS2339: Property 
'shipment' does not 
exist on type 
'Booking'.[0m 
[1m[35m[plugin 
angular-compiler][0m

    src/app/components/
tracking/tracking.html:
98:66:
[37m      98 Γöé 
...xt-dark">{{ tracking
Data()?.[32mshipment[
37m?.chargeable_weight 
}} Kg</...
         Γò╡           
                     
[32m~~~~~~~~[0m

  Error occurs in the 
template of component 
Tracking.

    src/app/components/
tracking/tracking.ts:11
:15:
[37m      11 Γöé   
templateUrl: [32m'./tr
acking.html'[37m,
         Γò╡           
     [32m~~~~~~~~~~~~~
~~~~[0m


[31mX [41;31m[[41;97
mERROR[41;31m][0m 
[1mTS2339: Property 
'billing' does not 
exist on type 
'Booking'.[0m 
[1m[35m[plugin 
angular-compiler][0m

    src/app/components/
tracking/tracking.html:
111:67:
[37m      111 Γöé 
...t-dark">Γé╣{{ tracki
ngData()[32m?.billi[3
7mng?.net_total | 
number:'1.2...
          Γò╡          
                    
[32m~~~~~~~[0m

  Error occurs in the 
template of component 
Tracking.

    src/app/components/
tracking/tracking.ts:11
:15:
[37m      11 Γöé   
templateUrl: [32m'./tr
acking.html'[37m,
         Γò╡           
     [32m~~~~~~~~~~~~~
~~~~[0m


[31mX [41;31m[[41;97
mERROR[41;31m][0m 
[1mCould not resolve "
@angular/animations/bro
wser"[0m

    node_modules/@angul
ar/platform-browser/fes
m2022/animations-async.
mjs:36:51:
[37m      36 Γöé 
....moduleImpl ?? impor
t([32m'@angular/animat
ions/browser'[37m).the
n(m => m);
         Γò╡           
               [32m~~~
~~~~~~~~~~~~~~~~~~~~~~~
~~~[0m

  You can mark the 
path "@angular/animatio
ns/browser" as 
external to exclude it 
from the bundle, which 
will remove this error 
and leave the 
unresolved path in the 
bundle. You can also 
add ".catch()" here to 
handle this failure at 
run-time instead of 
bundle-time.

[39m[22m
